{
  "study_name": "forwardfm-step1-capacity",
  "n_trials": 90,
  "n_complete": 29,
  "n_pruned": 61,
  "n_failed": 0,
  "objective": "validation residual_nll + pid_cross_entropy",
  "best_by_objective": 47,
  "best_objective_value": -4.700069434992834,
  "best_by_objective_closure": {
    "pid_closure_tv": 0.029588976796299873,
    "moment_closure_error": 0.04854434627093171
  },
  "top_k": 8,
  "likelihood_floor": -3.631996904845571,
  "likelihood_floor_source": "runs/tara_gpu_full",
  "n_feasible": 27,
  "feasible_trials": [
    47,
    65,
    42,
    82,
    43,
    51,
    83,
    55,
    88,
    54,
    37,
    52,
    61,
    81,
    41,
    39,
    36,
    33,
    38,
    30,
    5,
    7,
    8,
    4,
    12,
    3,
    2
  ],
  "closure_pareto_front": [
    37,
    41,
    42
  ],
  "closure_composite_tv_scale": 0.02092095087080539,
  "closure_composite_moment_scale": 0.03150140009651786,
  "selected_trial": 41,
  "selected_objective": -4.374768168081184,
  "selected_closure_composite": 0.9802094277290139,
  "selected_params": {
    "hidden_width": 768,
    "hidden_layers": 6,
    "pid_embedding_dim": 8,
    "mixture_components": 8,
    "dropout": 0.14181331057099705,
    "epochs": 70,
    "batch_size": 4096,
    "learning_rate": 0.002958454985358802,
    "weight_decay": 0.00014951169938564305,
    "pid_loss_weight": 0.39749949030707654,
    "lr_schedule": "cosine"
  },
  "selected_user_attrs": {
    "best_epoch": 70,
    "device": "cuda:1",
    "epochs_run": 70,
    "moment_closure_cells": "{\"pi-|delta_p\": 0.006245001581706288, \"pi-|delta_theta\": 0.011223154455184325, \"pi-|delta_phi\": 0.043494126412798435, \"pi+|delta_p\": 0.01436823394963143, \"pi+|delta_theta\": 0.012953655108661512, \"pi+|delta_phi\": 0.017056318177141212, \"proton|delta_p\": 0.026143076276016385, \"proton|delta_theta\": 0.005432865355799272, \"proton|delta_phi\": 0.0030479946351658982}",
    "moment_closure_error": 0.015551602883567196,
    "pid_closure_tv": 0.010178663777659597,
    "pid_closure_tv_by_species": "{\"pi-\": 0.012134640065330165, \"pi+\": 0.011710044641903325, \"proton\": 0.007017358165296892}",
    "pid_closure_tv_max": 0.02589271420565896,
    "pid_correct_mean_probability": "{\"pi-\": 0.5575258731842041, \"pi+\": 0.5874843001365662, \"proton\": 0.8179618716239929}",
    "pid_marginal_discrepancy": 0.001676308670024107,
    "train_seconds": 291.8728996
