device=cuda:1 run_dir=/home/htseng/Downloads/QuantumMC_Forward_Foundation_Model/runs/optuna_best
loading deterministic, event-disjoint data splits...
loaded train=1,270,698, validation=159,558, test=158,985 in 5.40s
trainable_parameters=3,024,476
epoch=01 train_loss=0.36358 val_loss=-2.61640 val_nll=-3.06963 val_joint_nll=-1.92943 val_pid_acc=0.6743
epoch=02 train_loss=-2.15157 val_loss=-1.51526 val_nll=-1.94444 val_joint_nll=-0.86472 val_pid_acc=0.6705
epoch=03 train_loss=-2.71838 val_loss=-3.33087 val_nll=-3.74648 val_joint_nll=-2.70090 val_pid_acc=0.6754
epoch=04 train_loss=-3.00053 val_loss=-4.01665 val_nll=-4.42298 val_joint_nll=-3.40077 val_pid_acc=0.6756
epoch=05 train_loss=-3.37667 val_loss=-3.47937 val_nll=-3.89813 val_joint_nll=-2.84463 val_pid_acc=0.6743
epoch=06 train_loss=-3.63632 val_loss=-3.94791 val_nll=-4.35178 val_joint_nll=-3.33574 val_pid_acc=0.6759
epoch=07 train_loss=-3.96812 val_loss=-4.29350 val_nll=-4.69492 val_joint_nll=-3.68505 val_pid_acc=0.6765
epoch=08 train_loss=-4.09829 val_loss=-4.21522 val_nll=-4.61653 val_joint_nll=-3.60695 val_pid_acc=0.6772
epoch=09 train_loss=-4.20408 val_loss=-4.53659 val_nll=-4.93380 val_joint_nll=-3.93452 val_pid_acc=0.6766
epoch=10 train_loss=-4.28624 val_loss=-4.49935 val_nll=-4.89727 val_joint_nll=-3.89623 val_pid_acc=0.6764
epoch=11 train_loss=-4.40340 val_loss=-4.60708 val_nll=-5.00320 val_joint_nll=-4.00667 val_pid_acc=0.6774
epoch=12 train_loss=-4.48846 val_loss=-4.61069 val_nll=-5.00617 val_joint_nll=-4.01125 val_pid_acc=0.6781
epoch=13 train_loss=-4.53425 val_loss=-4.64954 val_nll=-5.04623 val_joint_nll=-4.04826 val_pid_acc=0.6760
epoch=14 train_loss=-4.59519 val_loss=-4.74116 val_nll=-5.13558 val_joint_nll=-4.14331 val_pid_acc=0.6782
epoch=15 train_loss=-4.62533 val_loss=-4.75934 val_nll=-5.15351 val_joint_nll=-4.16188 val_pid_acc=0.6781
epoch=16 train_loss=-4.63968 val_loss=-4.75157 val_nll=-5.14473 val_joint_nll=-4.15566 val_pid_acc=0.6787
epoch=17 train_loss=-4.66043 val_loss=-4.75877 val_nll=-5.15174 val_joint_nll=-4.16313 val_pid_acc=0.6785
epoch=18 train_loss=-4.67460 val_loss=-4.75070 val_nll=-5.14418 val_joint_nll=-4.15429 val_pid_acc=0.6779
epoch=19 train_loss=-4.68591 val_loss=-4.79998 val_nll=-5.19302 val_joint_nll=-4.20424 val_pid_acc=0.6788
epoch=20 train_loss=-4.70921 val_loss=-4.80313 val_nll=-5.19552 val_joint_nll=-4.20839 val_pid_acc=0.6792
epoch=21 train_loss=-4.71725 val_loss=-4.80763 val_nll=-5.20060 val_joint_nll=-4.21199 val_pid_acc=0.6782
epoch=22 train_loss=-4.72864 val_loss=-4.80381 val_nll=-5.19607 val_joint_nll=-4.20925 val_pid_acc=0.6790
epoch=23 train_loss=-4.74005 val_loss=-4.80867 val_nll=-5.20166 val_joint_nll=-4.21301 val_pid_acc=0.6779
epoch=24 train_loss=-4.75066 val_loss=-4.76940 val_nll=-5.16158 val_joint_nll=-4.17496 val_pid_acc=0.6790
epoch=25 train_loss=-4.75855 val_loss=-4.85440 val_nll=-5.24603 val_joint_nll=-4.26080 val_pid_acc=0.6792
epoch=26 train_loss=-4.76916 val_loss=-4.82146 val_nll=-5.21362 val_joint_nll=-4.22705 val_pid_acc=0.6782
epoch=27 train_loss=-4.77576 val_loss=-4.83914 val_nll=-5.23056 val_joint_nll=-4.24585 val_pid_acc=0.6788
epoch=28 train_loss=-4.78406 val_loss=-4.84829 val_nll=-5.23926 val_joint_nll=-4.25568 val_pid_acc=0.6794
epoch=29 train_loss=-4.79196 val_loss=-4.85932 val_nll=-5.25050 val_joint_nll=-4.26640 val_pid_acc=0.6792
epoch=30 train_loss=-4.79970 val_loss=-4.86545 val_nll=-5.25650 val_joint_nll=-4.27273 val_pid_acc=0.6792
epoch=31 train_loss=-4.80372 val_loss=-4.87475 val_nll=-5.26575 val_joint_nll=-4.28209 val_pid_acc=0.6798
epoch=32 train_loss=-4.80983 val_loss=-4.88885 val_nll=-5.27998 val_joint_nll=-4.29601 val_pid_acc=0.6795
epoch=33 train_loss=-4.81487 val_loss=-4.90536 val_nll=-5.29594 val_joint_nll=-4.31335 val_pid_acc=0.6797
epoch=34 train_loss=-4.81991 val_loss=-4.87262 val_nll=-5.26344 val_joint_nll=-4.28023 val_pid_acc=0.6792
epoch=35 train_loss=-4.82449 val_loss=-4.89008 val_nll=-5.28047 val_joint_nll=-4.29835 val_pid_acc=0.6796
epoch=36 train_loss=-4.82781 val_loss=-4.88736 val_nll=-5.27775 val_joint_nll=-4.29565 val_pid_acc=0.6795
epoch=37 train_loss=-4.83120 val_loss=-4.89384 val_nll=-5.28401 val_joint_nll=-4.30244 val_pid_acc=0.6798
epoch=38 train_loss=-4.83421 val_loss=-4.89487 val_nll=-5.28521 val_joint_nll=-4.30324 val_pid_acc=0.6795
epoch=39 train_loss=-4.83802 val_loss=-4.89765 val_nll=-5.28806 val_joint_nll=-4.30589 val_pid_acc=0.6798
epoch=40 train_loss=-4.84131 val_loss=-4.89797 val_nll=-5.28867 val_joint_nll=-4.30579 val_pid_acc=0.6791
epoch=41 train_loss=-4.84455 val_loss=-4.89358 val_nll=-5.28418 val_joint_nll=-4.30154 val_pid_acc=0.6793
epoch=42 train_loss=-4.84810 val_loss=-4.90632 val_nll=-5.29640 val_joint_nll=-4.31507 val_pid_acc=0.6799
epoch=43 train_loss=-4.84959 val_loss=-4.89559 val_nll=-5.28578 val_joint_nll=-4.30418 val_pid_acc=0.6795
epoch=44 train_loss=-4.85357 val_loss=-4.91143 val_nll=-5.30181 val_joint_nll=-4.31973 val_pid_acc=0.6794
epoch=45 train_loss=-4.85607 val_loss=-4.90733 val_nll=-5.29742 val_joint_nll=-4.31607 val_pid_acc=0.6798
epoch=46 train_loss=-4.85867 val_loss=-4.91410 val_nll=-5.30433 val_joint_nll=-4.32262 val_pid_acc=0.6793
epoch=47 train_loss=-4.86166 val_loss=-4.91280 val_nll=-5.30270 val_joint_nll=-4.32183 val_pid_acc=0.6798
epoch=48 train_loss=-4.86414 val_loss=-4.91473 val_nll=-5.30472 val_joint_nll=-4.32361 val_pid_acc=0.6799
epoch=49 train_loss=-4.86555 val_loss=-4.91502 val_nll=-5.30495 val_joint_nll=-4.32399 val_pid_acc=0.6795
epoch=50 train_loss=-4.86869 val_loss=-4.91998 val_nll=-5.30981 val_joint_nll=-4.32912 val_pid_acc=0.6798
epoch=51 train_loss=-4.86926 val_loss=-4.92909 val_nll=-5.31887 val_joint_nll=-4.33831 val_pid_acc=0.6799
epoch=52 train_loss=-4.87280 val_loss=-4.92154 val_nll=-5.31137 val_joint_nll=-4.33066 val_pid_acc=0.6799
epoch=53 train_loss=-4.87540 val_loss=-4.92796 val_nll=-5.31771 val_joint_nll=-4.33720 val_pid_acc=0.6798
epoch=54 train_loss=-4.87563 val_loss=-4.93103 val_nll=-5.32062 val_joint_nll=-4.34051 val_pid_acc=0.6802
epoch=55 train_loss=-4.87875 val_loss=-4.92999 val_nll=-5.31962 val_joint_nll=-4.33941 val_pid_acc=0.6800
epoch=56 train_loss=-4.88054 val_loss=-4.93204 val_nll=-5.32162 val_joint_nll=-4.34155 val_pid_acc=0.6802
epoch=57 train_loss=-4.88166 val_loss=-4.93045 val_nll=-5.31997 val_joint_nll=-4.34003 val_pid_acc=0.6802
epoch=58 train_loss=-4.88417 val_loss=-4.93618 val_nll=-5.32568 val_joint_nll=-4.34581 val_pid_acc=0.6801
epoch=59 train_loss=-4.88533 val_loss=-4.93650 val_nll=-5.32599 val_joint_nll=-4.34614 val_pid_acc=0.6800
epoch=60 train_loss=-4.88613 val_loss=-4.93568 val_nll=-5.32521 val_joint_nll=-4.34527 val_pid_acc=0.6802
epoch=61 train_loss=-4.88799 val_loss=-4.93822 val_nll=-5.32772 val_joint_nll=-4.34785 val_pid_acc=0.6800
epoch=62 train_loss=-4.89033 val_loss=-4.93966 val_nll=-5.32912 val_joint_nll=-4.34933 val_pid_acc=0.6801
epoch=63 train_loss=-4.89021 val_loss=-4.93813 val_nll=-5.32767 val_joint_nll=-4.34769 val_pid_acc=0.6803
epoch=64 train_loss=-4.89184 val_loss=-4.94099 val_nll=-5.33046 val_joint_nll=-4.35066 val_pid_acc=0.6801
epoch=65 train_loss=-4.89241 val_loss=-4.93938 val_nll=-5.32887 val_joint_nll=-4.34903 val_pid_acc=0.6802
epoch=66 train_loss=-4.89368 val_loss=-4.94237 val_nll=-5.33178 val_joint_nll=-4.35213 val_pid_acc=0.6801
epoch=67 train_loss=-4.89400 val_loss=-4.94340 val_nll=-5.33284 val_joint_nll=-4.35312 val_pid_acc=0.6801
epoch=68 train_loss=-4.89462 val_loss=-4.94194 val_nll=-5.33139 val_joint_nll=-4.35163 val_pid_acc=0.6802
epoch=69 train_loss=-4.89548 val_loss=-4.94313 val_nll=-5.33257 val_joint_nll=-4.35283 val_pid_acc=0.6802
epoch=70 train_loss=-4.89555 val_loss=-4.94359 val_nll=-5.33304 val_joint_nll=-4.35328 val_pid_acc=0.6801
test_nll=-5.336459
test_pid_accuracy=0.6793
checkpoint=/home/htseng/Downloads/QuantumMC_Forward_Foundation_Model/runs/optuna_best/model.pt
